#-----------------------------------------------------------
# Vivado v2024.2.2 (64-bit)
# SW Build 6060944 on Thu Mar 06 19:10:09 MST 2025
# IP Build 6050500 on Thu Mar  6 23:33:39 MST 2025
# SharedData Build 6060542 on Thu Mar 06 10:31:07 MST 2025
# Start of session at: Wed Apr 23 12:50:43 2025
# Process ID         : 6395
# Current directory  : /home/matteo/ADC/ADC.runs/xadc_wiz_0_synth_1
# Command line       : vivado -log xadc_wiz_0.vds -product Vivado -mode batch -messageDb vivado.pb -notrace -source xadc_wiz_0.tcl
# Log file           : /home/matteo/ADC/ADC.runs/xadc_wiz_0_synth_1/xadc_wiz_0.vds
# Journal file       : /home/matteo/ADC/ADC.runs/xadc_wiz_0_synth_1/vivado.jou
# Running On         : 2538600332.kn.vutbr.cz
# Platform           : unknown
# Operating System   : unknown
# Processor Detail   : 12th Gen Intel(R) Core(TM) i7-12700H
# CPU Frequency      : 3522.348 MHz
# CPU Physical cores : 14
# CPU Logical cores  : 20
# Host memory        : 16425 MB
# Swap memory        : 8589 MB
# Total Virtual      : 25015 MB
# Available Virtual  : 11069 MB
#-----------------------------------------------------------
source xadc_wiz_0.tcl -notrace
